[0.297s] DEBUG:colcon:Command line arguments: ['/usr/bin/colcon', 'build']
[0.297s] DEBUG:colcon:Parsed command line arguments: Namespace(log_base=None, log_level=None, verb_name='build', build_base='build', install_base='install', merge_install=False, symlink_install=False, test_result_base=None, continue_on_error=False, executor='parallel', parallel_workers=12, event_handlers=None, ignore_user_meta=False, metas=['./colcon.meta'], base_paths=['.'], packages_ignore=None, packages_ignore_regex=None, paths=None, packages_up_to=None, packages_up_to_regex=None, packages_above=None, packages_above_and_dependencies=None, packages_above_depth=None, packages_select_by_dep=None, packages_skip_by_dep=None, packages_skip_up_to=None, packages_select_build_failed=False, packages_skip_build_finished=False, packages_select_test_failures=False, packages_skip_test_passed=False, packages_select=None, packages_skip=None, packages_select_regex=None, packages_skip_regex=None, packages_start=None, packages_end=None, allow_overriding=[], cmake_args=None, cmake_target=None, cmake_target_skip_unavailable=False, cmake_clean_cache=False, cmake_clean_first=False, cmake_force_configure=False, ament_cmake_args=None, catkin_cmake_args=None, catkin_skip_building_tests=False, mixin_files=None, mixin=None, verb_parser=<colcon_mixin.mixin.mixin_argument.MixinArgumentDecorator object at 0x7767f23a6540>, verb_extension=<colcon_core.verb.build.BuildVerb object at 0x7767f23a58e0>, main=<bound method BuildVerb.main of <colcon_core.verb.build.BuildVerb object at 0x7767f23a58e0>>, mixin_verb=('build',))
[0.353s] Level 1:colcon.colcon_core.package_discovery:discover_packages(colcon_meta) check parameters
[0.353s] Level 1:colcon.colcon_core.package_discovery:discover_packages(recursive) check parameters
[0.353s] Level 1:colcon.colcon_core.package_discovery:discover_packages(ignore) check parameters
[0.353s] Level 1:colcon.colcon_core.package_discovery:discover_packages(path) check parameters
[0.353s] Level 1:colcon.colcon_core.package_discovery:discover_packages(colcon_meta) discover
[0.353s] Level 1:colcon.colcon_core.package_discovery:discover_packages(recursive) discover
[0.353s] INFO:colcon.colcon_core.package_discovery:Crawling recursively for packages in '/home/noah-l/MTRX3760_Project_2_LightlyRoastedLiPos/robot_vis'
[0.354s] Level 1:colcon.colcon_core.package_identification:_identify(.) by extensions ['ignore', 'ignore_ament_install']
[0.354s] Level 1:colcon.colcon_core.package_identification:_identify(.) by extension 'ignore'
[0.354s] Level 1:colcon.colcon_core.package_identification:_identify(.) by extension 'ignore_ament_install'
[0.354s] Level 1:colcon.colcon_core.package_identification:_identify(.) by extensions ['colcon_pkg']
[0.354s] Level 1:colcon.colcon_core.package_identification:_identify(.) by extension 'colcon_pkg'
[0.354s] Level 1:colcon.colcon_core.package_identification:_identify(.) by extensions ['colcon_meta']
[0.354s] Level 1:colcon.colcon_core.package_identification:_identify(.) by extension 'colcon_meta'
[0.354s] Level 1:colcon.colcon_core.package_identification:_identify(.) by extensions ['ros']
[0.354s] Level 1:colcon.colcon_core.package_identification:_identify(.) by extension 'ros'
[0.379s] DEBUG:colcon.colcon_core.package_identification:Package '.' with type 'ros.ament_cmake' and name 'robot_vis'
[0.379s] Level 1:colcon.colcon_core.package_discovery:discover_packages(recursive) using defaults
[0.379s] Level 1:colcon.colcon_core.package_discovery:discover_packages(ignore) discover
[0.379s] Level 1:colcon.colcon_core.package_discovery:discover_packages(ignore) using defaults
[0.379s] Level 1:colcon.colcon_core.package_discovery:discover_packages(path) discover
[0.379s] Level 1:colcon.colcon_core.package_discovery:discover_packages(path) using defaults
[0.400s] Level 1:colcon.colcon_core.package_discovery:discover_packages(prefix_path) check parameters
[0.400s] Level 1:colcon.colcon_core.package_discovery:discover_packages(prefix_path) discover
[0.404s] DEBUG:colcon.colcon_installed_package_information.package_discovery:Found 15 installed packages in /home/noah-l/turtlebot3_ws/install
[0.406s] DEBUG:colcon.colcon_installed_package_information.package_discovery:Found 506 installed packages in /opt/ros/jazzy
[0.407s] Level 1:colcon.colcon_core.package_discovery:discover_packages(prefix_path) using defaults
[0.491s] Level 5:colcon.colcon_core.verb:set package 'robot_vis' build argument 'cmake_args' from command line to 'None'
[0.491s] Level 5:colcon.colcon_core.verb:set package 'robot_vis' build argument 'cmake_target' from command line to 'None'
[0.491s] Level 5:colcon.colcon_core.verb:set package 'robot_vis' build argument 'cmake_target_skip_unavailable' from command line to 'False'
[0.491s] Level 5:colcon.colcon_core.verb:set package 'robot_vis' build argument 'cmake_clean_cache' from command line to 'False'
[0.491s] Level 5:colcon.colcon_core.verb:set package 'robot_vis' build argument 'cmake_clean_first' from command line to 'False'
[0.491s] Level 5:colcon.colcon_core.verb:set package 'robot_vis' build argument 'cmake_force_configure' from command line to 'False'
[0.491s] Level 5:colcon.colcon_core.verb:set package 'robot_vis' build argument 'ament_cmake_args' from command line to 'None'
[0.491s] Level 5:colcon.colcon_core.verb:set package 'robot_vis' build argument 'catkin_cmake_args' from command line to 'None'
[0.491s] Level 5:colcon.colcon_core.verb:set package 'robot_vis' build argument 'catkin_skip_building_tests' from command line to 'False'
[0.491s] DEBUG:colcon.colcon_core.verb:Building package 'robot_vis' with the following arguments: {'ament_cmake_args': None, 'build_base': '/home/noah-l/MTRX3760_Project_2_LightlyRoastedLiPos/robot_vis/build/robot_vis', 'catkin_cmake_args': None, 'catkin_skip_building_tests': False, 'cmake_args': None, 'cmake_clean_cache': False, 'cmake_clean_first': False, 'cmake_force_configure': False, 'cmake_target': None, 'cmake_target_skip_unavailable': False, 'install_base': '/home/noah-l/MTRX3760_Project_2_LightlyRoastedLiPos/robot_vis/install/robot_vis', 'merge_install': False, 'path': '/home/noah-l/MTRX3760_Project_2_LightlyRoastedLiPos/robot_vis', 'symlink_install': False, 'test_result_base': None}
[0.491s] INFO:colcon.colcon_core.executor:Executing jobs using 'parallel' executor
[0.492s] DEBUG:colcon.colcon_parallel_executor.executor.parallel:run_until_complete
[0.492s] INFO:colcon.colcon_ros.task.ament_cmake.build:Building ROS package in '/home/noah-l/MTRX3760_Project_2_LightlyRoastedLiPos/robot_vis' with build type 'ament_cmake'
[0.492s] INFO:colcon.colcon_cmake.task.cmake.build:Building CMake package in '/home/noah-l/MTRX3760_Project_2_LightlyRoastedLiPos/robot_vis'
[0.496s] INFO:colcon.colcon_core.plugin_system:Skipping extension 'colcon_core.shell.bat': Not used on non-Windows systems
[0.496s] INFO:colcon.colcon_core.shell:Skip shell extension 'powershell' for command environment: Not usable outside of PowerShell
[0.496s] DEBUG:colcon.colcon_core.shell:Skip shell extension 'dsv' for command environment
[0.505s] DEBUG:colcon.colcon_core.event_handler.log_command:Invoking command in '/home/noah-l/MTRX3760_Project_2_LightlyRoastedLiPos/robot_vis/build/robot_vis': CMAKE_PREFIX_PATH=${CMAKE_PREFIX_PATH}:/home/noah-l/turtlebot3_ws/install/turtlebot3_teleop:/home/noah-l/turtlebot3_ws/install/turtlebot3_example:/opt/ros/jazzy DEBUGINFOD_URLS=https://debuginfod.ubuntu.com /usr/bin/cmake /home/noah-l/MTRX3760_Project_2_LightlyRoastedLiPos/robot_vis -DCMAKE_INSTALL_PREFIX=/home/noah-l/MTRX3760_Project_2_LightlyRoastedLiPos/robot_vis/install/robot_vis
[1.941s] DEBUG:colcon.colcon_core.event_handler.log_command:Invoked command in '/home/noah-l/MTRX3760_Project_2_LightlyRoastedLiPos/robot_vis/build/robot_vis' returned '1': CMAKE_PREFIX_PATH=${CMAKE_PREFIX_PATH}:/home/noah-l/turtlebot3_ws/install/turtlebot3_teleop:/home/noah-l/turtlebot3_ws/install/turtlebot3_example:/opt/ros/jazzy DEBUGINFOD_URLS=https://debuginfod.ubuntu.com /usr/bin/cmake /home/noah-l/MTRX3760_Project_2_LightlyRoastedLiPos/robot_vis -DCMAKE_INSTALL_PREFIX=/home/noah-l/MTRX3760_Project_2_LightlyRoastedLiPos/robot_vis/install/robot_vis
[1.953s] Level 1:colcon.colcon_core.environment:create_environment_scripts_only(robot_vis)
[1.959s] Level 1:colcon.colcon_core.environment:checking '/home/noah-l/MTRX3760_Project_2_LightlyRoastedLiPos/robot_vis/install/robot_vis' for CMake module files
[1.959s] Level 1:colcon.colcon_core.environment:checking '/home/noah-l/MTRX3760_Project_2_LightlyRoastedLiPos/robot_vis/install/robot_vis' for CMake config files
[1.960s] Level 1:colcon.colcon_core.environment:checking '/home/noah-l/MTRX3760_Project_2_LightlyRoastedLiPos/robot_vis/install/robot_vis/bin'
[1.960s] Level 1:colcon.colcon_core.environment:checking '/home/noah-l/MTRX3760_Project_2_LightlyRoastedLiPos/robot_vis/install/robot_vis/lib/pkgconfig/robot_vis.pc'
[1.960s] Level 1:colcon.colcon_core.environment:checking '/home/noah-l/MTRX3760_Project_2_LightlyRoastedLiPos/robot_vis/install/robot_vis/lib/python3.12/site-packages'
[1.960s] Level 1:colcon.colcon_core.environment:checking '/home/noah-l/MTRX3760_Project_2_LightlyRoastedLiPos/robot_vis/install/robot_vis/bin'
[1.960s] INFO:colcon.colcon_core.shell:Creating package script '/home/noah-l/MTRX3760_Project_2_LightlyRoastedLiPos/robot_vis/install/robot_vis/share/robot_vis/package.ps1'
[1.961s] INFO:colcon.colcon_core.shell:Creating package descriptor '/home/noah-l/MTRX3760_Project_2_LightlyRoastedLiPos/robot_vis/install/robot_vis/share/robot_vis/package.dsv'
[1.962s] INFO:colcon.colcon_core.shell:Creating package script '/home/noah-l/MTRX3760_Project_2_LightlyRoastedLiPos/robot_vis/install/robot_vis/share/robot_vis/package.sh'
[1.962s] INFO:colcon.colcon_core.shell:Creating package script '/home/noah-l/MTRX3760_Project_2_LightlyRoastedLiPos/robot_vis/install/robot_vis/share/robot_vis/package.bash'
[1.963s] INFO:colcon.colcon_core.shell:Creating package script '/home/noah-l/MTRX3760_Project_2_LightlyRoastedLiPos/robot_vis/install/robot_vis/share/robot_vis/package.zsh'
[1.964s] Level 1:colcon.colcon_core.environment:create_file_with_runtime_dependencies(/home/noah-l/MTRX3760_Project_2_LightlyRoastedLiPos/robot_vis/install/robot_vis/share/colcon-core/packages/robot_vis)
[1.974s] DEBUG:colcon.colcon_parallel_executor.executor.parallel:closing loop
[1.974s] DEBUG:colcon.colcon_parallel_executor.executor.parallel:loop closed
[1.974s] DEBUG:colcon.colcon_parallel_executor.executor.parallel:run_until_complete finished with '1'
[1.974s] DEBUG:colcon.colcon_core.event_reactor:joining thread
[1.981s] INFO:colcon.colcon_core.plugin_system:Skipping extension 'colcon_notification.desktop_notification.terminal_notifier': Not used on non-Darwin systems
[1.981s] INFO:colcon.colcon_core.plugin_system:Skipping extension 'colcon_notification.desktop_notification.win32': Not used on non-Windows systems
[1.981s] INFO:colcon.colcon_notification.desktop_notification:Sending desktop notification using 'notify2'
[2.000s] DEBUG:colcon.colcon_core.event_reactor:joined thread
[2.000s] INFO:colcon.colcon_core.shell:Creating prefix script '/home/noah-l/MTRX3760_Project_2_LightlyRoastedLiPos/robot_vis/install/local_setup.ps1'
[2.001s] INFO:colcon.colcon_core.shell:Creating prefix util module '/home/noah-l/MTRX3760_Project_2_LightlyRoastedLiPos/robot_vis/install/_local_setup_util_ps1.py'
[2.002s] INFO:colcon.colcon_core.shell:Creating prefix chain script '/home/noah-l/MTRX3760_Project_2_LightlyRoastedLiPos/robot_vis/install/setup.ps1'
[2.004s] INFO:colcon.colcon_core.shell:Creating prefix script '/home/noah-l/MTRX3760_Project_2_LightlyRoastedLiPos/robot_vis/install/local_setup.sh'
[2.004s] INFO:colcon.colcon_core.shell:Creating prefix util module '/home/noah-l/MTRX3760_Project_2_LightlyRoastedLiPos/robot_vis/install/_local_setup_util_sh.py'
[2.005s] INFO:colcon.colcon_core.shell:Creating prefix chain script '/home/noah-l/MTRX3760_Project_2_LightlyRoastedLiPos/robot_vis/install/setup.sh'
[2.006s] INFO:colcon.colcon_core.shell:Creating prefix script '/home/noah-l/MTRX3760_Project_2_LightlyRoastedLiPos/robot_vis/install/local_setup.bash'
[2.007s] INFO:colcon.colcon_core.shell:Creating prefix chain script '/home/noah-l/MTRX3760_Project_2_LightlyRoastedLiPos/robot_vis/install/setup.bash'
[2.008s] INFO:colcon.colcon_core.shell:Creating prefix script '/home/noah-l/MTRX3760_Project_2_LightlyRoastedLiPos/robot_vis/install/local_setup.zsh'
[2.009s] INFO:colcon.colcon_core.shell:Creating prefix chain script '/home/noah-l/MTRX3760_Project_2_LightlyRoastedLiPos/robot_vis/install/setup.zsh'
