[0.012s] Invoking command in '/home/noah-l/MTRX3760_Project_2_LightlyRoastedLiPos/robot_vis/build/robot_vis': CMAKE_PREFIX_PATH=${CMAKE_PREFIX_PATH}:/home/noah-l/turtlebot3_ws/install/turtlebot3_teleop:/home/noah-l/turtlebot3_ws/install/turtlebot3_example:/opt/ros/jazzy DEBUGINFOD_URLS=https://debuginfod.ubuntu.com /usr/bin/cmake /home/noah-l/MTRX3760_Project_2_LightlyRoastedLiPos/robot_vis -DCMAKE_INSTALL_PREFIX=/home/noah-l/MTRX3760_Project_2_LightlyRoastedLiPos/robot_vis/install/robot_vis
[0.024s] -- Found rclcpp: 28.1.12 (/opt/ros/jazzy/share/rclcpp/cmake)
[0.229s] -- Found rosidl_generator_c: 4.6.6 (/opt/ros/jazzy/share/rosidl_generator_c/cmake)
[0.237s] -- Found rosidl_generator_cpp: 4.6.6 (/opt/ros/jazzy/share/rosidl_generator_cpp/cmake)
[0.246s] -- Using all available rosidl_typesupport_c: rosidl_typesupport_fastrtps_c;rosidl_typesupport_introspection_c
[0.257s] -- Using all available rosidl_typesupport_cpp: rosidl_typesupport_fastrtps_cpp;rosidl_typesupport_introspection_cpp
[0.309s] -- Found rmw_implementation_cmake: 7.3.2 (/opt/ros/jazzy/share/rmw_implementation_cmake/cmake)
[0.311s] -- Found rmw_cyclonedds_cpp: 2.2.3 (/opt/ros/jazzy/share/rmw_cyclonedds_cpp/cmake)
[0.330s] -- Using RMW implementation 'rmw_cyclonedds_cpp' as default
[0.381s] -- Found sensor_msgs: 5.3.6 (/opt/ros/jazzy/share/sensor_msgs/cmake)
[0.429s] -- Found nav_msgs: 5.3.6 (/opt/ros/jazzy/share/nav_msgs/cmake)
[0.453s] -- Found rosidl_default_generators: 1.6.0 (/opt/ros/jazzy/share/rosidl_default_generators/cmake)
[0.464s] -- Found rosidl_adapter: 4.6.6 (/opt/ros/jazzy/share/rosidl_adapter/cmake)
[0.480s] [31mCMake Error at CMakeLists.txt:13 (find_package):
[0.480s]   By not providing "Findcustom_interfaces.cmake" in CMAKE_MODULE_PATH this
[0.480s]   project has asked CMake to find a package configuration file provided by
[0.480s]   "custom_interfaces", but CMake did not find one.
[0.480s] 
[0.480s]   Could not find a package configuration file provided by "custom_interfaces"
[0.481s]   with any of the following names:
[0.481s] 
[0.481s]     custom_interfacesConfig.cmake
[0.481s]     custom_interfaces-config.cmake
[0.481s] 
[0.481s]   Add the installation prefix of "custom_interfaces" to CMAKE_PREFIX_PATH or
[0.481s]   set "custom_interfaces_DIR" to a directory containing one of the above
[0.481s]   files.  If "custom_interfaces" provides a separate development package or
[0.481s]   SDK, be sure it has been installed.
[0.481s] 
[0.481s] [0m
[0.481s] -- Configuring incomplete, errors occurred!
[0.486s] Invoked command in '/home/noah-l/MTRX3760_Project_2_LightlyRoastedLiPos/robot_vis/build/robot_vis' returned '1': CMAKE_PREFIX_PATH=${CMAKE_PREFIX_PATH}:/home/noah-l/turtlebot3_ws/install/turtlebot3_teleop:/home/noah-l/turtlebot3_ws/install/turtlebot3_example:/opt/ros/jazzy DEBUGINFOD_URLS=https://debuginfod.ubuntu.com /usr/bin/cmake /home/noah-l/MTRX3760_Project_2_LightlyRoastedLiPos/robot_vis -DCMAKE_INSTALL_PREFIX=/home/noah-l/MTRX3760_Project_2_LightlyRoastedLiPos/robot_vis/install/robot_vis
