[0.166s] DEBUG:colcon:Command line arguments: ['/usr/bin/colcon', 'build', '--packages-select', 'mtrx3760_lrl_camera']
[0.166s] DEBUG:colcon:Parsed command line arguments: Namespace(log_base=None, log_level=None, verb_name='build', build_base='build', install_base='install', merge_install=False, symlink_install=False, test_result_base=None, continue_on_error=False, executor='parallel', parallel_workers=20, event_handlers=None, ignore_user_meta=False, metas=['./colcon.meta'], base_paths=['.'], packages_ignore=None, packages_ignore_regex=None, paths=None, packages_up_to=None, packages_up_to_regex=None, packages_above=None, packages_above_and_dependencies=None, packages_above_depth=None, packages_select_by_dep=None, packages_skip_by_dep=None, packages_skip_up_to=None, packages_select_build_failed=False, packages_skip_build_finished=False, packages_select_test_failures=False, packages_skip_test_passed=False, packages_select=['mtrx3760_lrl_camera'], packages_skip=None, packages_select_regex=None, packages_skip_regex=None, packages_start=None, packages_end=None, allow_overriding=[], cmake_args=None, cmake_target=None, cmake_target_skip_unavailable=False, cmake_clean_cache=False, cmake_clean_first=False, cmake_force_configure=False, ament_cmake_args=None, catkin_cmake_args=None, catkin_skip_building_tests=False, mixin_files=None, mixin=None, verb_parser=<colcon_mixin.mixin.mixin_argument.MixinArgumentDecorator object at 0x7b8ebcf57bf0>, verb_extension=<colcon_core.verb.build.BuildVerb object at 0x7b8ebd0d83b0>, main=<bound method BuildVerb.main of <colcon_core.verb.build.BuildVerb object at 0x7b8ebd0d83b0>>, mixin_verb=('build',))
[0.223s] Level 1:colcon.colcon_core.package_discovery:discover_packages(colcon_meta) check parameters
[0.224s] Level 1:colcon.colcon_core.package_discovery:discover_packages(recursive) check parameters
[0.224s] Level 1:colcon.colcon_core.package_discovery:discover_packages(ignore) check parameters
[0.224s] Level 1:colcon.colcon_core.package_discovery:discover_packages(path) check parameters
[0.224s] Level 1:colcon.colcon_core.package_discovery:discover_packages(colcon_meta) discover
[0.224s] Level 1:colcon.colcon_core.package_discovery:discover_packages(recursive) discover
[0.224s] INFO:colcon.colcon_core.package_discovery:Crawling recursively for packages in '/home/jfox/lrl_integration_workspace/src'
[0.224s] Level 1:colcon.colcon_core.package_identification:_identify(.) by extensions ['ignore', 'ignore_ament_install']
[0.224s] Level 1:colcon.colcon_core.package_identification:_identify(.) by extension 'ignore'
[0.224s] Level 1:colcon.colcon_core.package_identification:_identify(.) by extension 'ignore_ament_install'
[0.225s] Level 1:colcon.colcon_core.package_identification:_identify(.) by extensions ['colcon_pkg']
[0.225s] Level 1:colcon.colcon_core.package_identification:_identify(.) by extension 'colcon_pkg'
[0.225s] Level 1:colcon.colcon_core.package_identification:_identify(.) by extensions ['colcon_meta']
[0.225s] Level 1:colcon.colcon_core.package_identification:_identify(.) by extension 'colcon_meta'
[0.225s] Level 1:colcon.colcon_core.package_identification:_identify(.) by extensions ['ros']
[0.225s] Level 1:colcon.colcon_core.package_identification:_identify(.) by extension 'ros'
[0.265s] Level 1:colcon.colcon_core.package_identification:_identify(.) by extensions ['cmake', 'python']
[0.265s] Level 1:colcon.colcon_core.package_identification:_identify(.) by extension 'cmake'
[0.265s] Level 1:colcon.colcon_core.package_identification:_identify(.) by extension 'python'
[0.265s] Level 1:colcon.colcon_core.package_identification:_identify(.) by extensions ['python_setup_py']
[0.265s] Level 1:colcon.colcon_core.package_identification:_identify(.) by extension 'python_setup_py'
[0.265s] Level 1:colcon.colcon_core.package_identification:_identify(build) by extensions ['ignore', 'ignore_ament_install']
[0.265s] Level 1:colcon.colcon_core.package_identification:_identify(build) by extension 'ignore'
[0.265s] Level 1:colcon.colcon_core.package_identification:_identify(build) ignored
[0.266s] Level 1:colcon.colcon_core.package_identification:_identify(install) by extensions ['ignore', 'ignore_ament_install']
[0.266s] Level 1:colcon.colcon_core.package_identification:_identify(install) by extension 'ignore'
[0.266s] Level 1:colcon.colcon_core.package_identification:_identify(install) ignored
[0.266s] Level 1:colcon.colcon_core.package_identification:_identify(log) by extensions ['ignore', 'ignore_ament_install']
[0.266s] Level 1:colcon.colcon_core.package_identification:_identify(log) by extension 'ignore'
[0.266s] Level 1:colcon.colcon_core.package_identification:_identify(log) ignored
[0.266s] Level 1:colcon.colcon_core.package_identification:_identify(mtrx3760_lrl_actuator) by extensions ['ignore', 'ignore_ament_install']
[0.266s] Level 1:colcon.colcon_core.package_identification:_identify(mtrx3760_lrl_actuator) by extension 'ignore'
[0.266s] Level 1:colcon.colcon_core.package_identification:_identify(mtrx3760_lrl_actuator) by extension 'ignore_ament_install'
[0.267s] Level 1:colcon.colcon_core.package_identification:_identify(mtrx3760_lrl_actuator) by extensions ['colcon_pkg']
[0.267s] Level 1:colcon.colcon_core.package_identification:_identify(mtrx3760_lrl_actuator) by extension 'colcon_pkg'
[0.267s] Level 1:colcon.colcon_core.package_identification:_identify(mtrx3760_lrl_actuator) by extensions ['colcon_meta']
[0.267s] Level 1:colcon.colcon_core.package_identification:_identify(mtrx3760_lrl_actuator) by extension 'colcon_meta'
[0.267s] Level 1:colcon.colcon_core.package_identification:_identify(mtrx3760_lrl_actuator) by extensions ['ros']
[0.267s] Level 1:colcon.colcon_core.package_identification:_identify(mtrx3760_lrl_actuator) by extension 'ros'
[0.271s] DEBUG:colcon.colcon_core.package_identification:Package 'mtrx3760_lrl_actuator' with type 'ros.ament_cmake' and name 'mtrx3760_lrl_actuator'
[0.271s] Level 1:colcon.colcon_core.package_identification:_identify(mtrx3760_lrl_camera) by extensions ['ignore', 'ignore_ament_install']
[0.271s] Level 1:colcon.colcon_core.package_identification:_identify(mtrx3760_lrl_camera) by extension 'ignore'
[0.271s] Level 1:colcon.colcon_core.package_identification:_identify(mtrx3760_lrl_camera) by extension 'ignore_ament_install'
[0.271s] Level 1:colcon.colcon_core.package_identification:_identify(mtrx3760_lrl_camera) by extensions ['colcon_pkg']
[0.271s] Level 1:colcon.colcon_core.package_identification:_identify(mtrx3760_lrl_camera) by extension 'colcon_pkg'
[0.271s] Level 1:colcon.colcon_core.package_identification:_identify(mtrx3760_lrl_camera) by extensions ['colcon_meta']
[0.271s] Level 1:colcon.colcon_core.package_identification:_identify(mtrx3760_lrl_camera) by extension 'colcon_meta'
[0.271s] Level 1:colcon.colcon_core.package_identification:_identify(mtrx3760_lrl_camera) by extensions ['ros']
[0.271s] Level 1:colcon.colcon_core.package_identification:_identify(mtrx3760_lrl_camera) by extension 'ros'
[0.272s] DEBUG:colcon.colcon_core.package_identification:Package 'mtrx3760_lrl_camera' with type 'ros.ament_cmake' and name 'mtrx3760_lrl_camera'
[0.272s] Level 1:colcon.colcon_core.package_identification:_identify(mtrx3760_lrl_interfaces) by extensions ['ignore', 'ignore_ament_install']
[0.273s] Level 1:colcon.colcon_core.package_identification:_identify(mtrx3760_lrl_interfaces) by extension 'ignore'
[0.273s] Level 1:colcon.colcon_core.package_identification:_identify(mtrx3760_lrl_interfaces) by extension 'ignore_ament_install'
[0.273s] Level 1:colcon.colcon_core.package_identification:_identify(mtrx3760_lrl_interfaces) by extensions ['colcon_pkg']
[0.273s] Level 1:colcon.colcon_core.package_identification:_identify(mtrx3760_lrl_interfaces) by extension 'colcon_pkg'
[0.273s] Level 1:colcon.colcon_core.package_identification:_identify(mtrx3760_lrl_interfaces) by extensions ['colcon_meta']
[0.273s] Level 1:colcon.colcon_core.package_identification:_identify(mtrx3760_lrl_interfaces) by extension 'colcon_meta'
[0.273s] Level 1:colcon.colcon_core.package_identification:_identify(mtrx3760_lrl_interfaces) by extensions ['ros']
[0.273s] Level 1:colcon.colcon_core.package_identification:_identify(mtrx3760_lrl_interfaces) by extension 'ros'
[0.274s] DEBUG:colcon.colcon_core.package_identification:Package 'mtrx3760_lrl_interfaces' with type 'ros.ament_cmake' and name 'mtrx3760_lrl_interfaces'
[0.274s] Level 1:colcon.colcon_core.package_identification:_identify(mtrx3760_lrl_package_delivery) by extensions ['ignore', 'ignore_ament_install']
[0.274s] Level 1:colcon.colcon_core.package_identification:_identify(mtrx3760_lrl_package_delivery) by extension 'ignore'
[0.274s] Level 1:colcon.colcon_core.package_identification:_identify(mtrx3760_lrl_package_delivery) by extension 'ignore_ament_install'
[0.274s] Level 1:colcon.colcon_core.package_identification:_identify(mtrx3760_lrl_package_delivery) by extensions ['colcon_pkg']
[0.274s] Level 1:colcon.colcon_core.package_identification:_identify(mtrx3760_lrl_package_delivery) by extension 'colcon_pkg'
[0.274s] Level 1:colcon.colcon_core.package_identification:_identify(mtrx3760_lrl_package_delivery) by extensions ['colcon_meta']
[0.274s] Level 1:colcon.colcon_core.package_identification:_identify(mtrx3760_lrl_package_delivery) by extension 'colcon_meta'
[0.275s] Level 1:colcon.colcon_core.package_identification:_identify(mtrx3760_lrl_package_delivery) by extensions ['ros']
[0.275s] Level 1:colcon.colcon_core.package_identification:_identify(mtrx3760_lrl_package_delivery) by extension 'ros'
[0.276s] DEBUG:colcon.colcon_core.package_identification:Package 'mtrx3760_lrl_package_delivery' with type 'ros.ament_cmake' and name 'mtrx3760_lrl_package_delivery'
[0.276s] Level 1:colcon.colcon_core.package_identification:_identify(mtrx3760_lrl_robot_vis) by extensions ['ignore', 'ignore_ament_install']
[0.276s] Level 1:colcon.colcon_core.package_identification:_identify(mtrx3760_lrl_robot_vis) by extension 'ignore'
[0.276s] Level 1:colcon.colcon_core.package_identification:_identify(mtrx3760_lrl_robot_vis) by extension 'ignore_ament_install'
[0.276s] Level 1:colcon.colcon_core.package_identification:_identify(mtrx3760_lrl_robot_vis) by extensions ['colcon_pkg']
[0.276s] Level 1:colcon.colcon_core.package_identification:_identify(mtrx3760_lrl_robot_vis) by extension 'colcon_pkg'
[0.276s] Level 1:colcon.colcon_core.package_identification:_identify(mtrx3760_lrl_robot_vis) by extensions ['colcon_meta']
[0.276s] Level 1:colcon.colcon_core.package_identification:_identify(mtrx3760_lrl_robot_vis) by extension 'colcon_meta'
[0.276s] Level 1:colcon.colcon_core.package_identification:_identify(mtrx3760_lrl_robot_vis) by extensions ['ros']
[0.276s] Level 1:colcon.colcon_core.package_identification:_identify(mtrx3760_lrl_robot_vis) by extension 'ros'
[0.277s] DEBUG:colcon.colcon_core.package_identification:Package 'mtrx3760_lrl_robot_vis' with type 'ros.ament_cmake' and name 'mtrx3760_lrl_robot_vis'
[0.277s] Level 1:colcon.colcon_core.package_identification:_identify(mtrx3760_lrl_warehouse_inspection) by extensions ['ignore', 'ignore_ament_install']
[0.277s] Level 1:colcon.colcon_core.package_identification:_identify(mtrx3760_lrl_warehouse_inspection) by extension 'ignore'
[0.277s] Level 1:colcon.colcon_core.package_identification:_identify(mtrx3760_lrl_warehouse_inspection) by extension 'ignore_ament_install'
[0.277s] Level 1:colcon.colcon_core.package_identification:_identify(mtrx3760_lrl_warehouse_inspection) by extensions ['colcon_pkg']
[0.277s] Level 1:colcon.colcon_core.package_identification:_identify(mtrx3760_lrl_warehouse_inspection) by extension 'colcon_pkg'
[0.277s] Level 1:colcon.colcon_core.package_identification:_identify(mtrx3760_lrl_warehouse_inspection) by extensions ['colcon_meta']
[0.277s] Level 1:colcon.colcon_core.package_identification:_identify(mtrx3760_lrl_warehouse_inspection) by extension 'colcon_meta'
[0.278s] Level 1:colcon.colcon_core.package_identification:_identify(mtrx3760_lrl_warehouse_inspection) by extensions ['ros']
[0.278s] Level 1:colcon.colcon_core.package_identification:_identify(mtrx3760_lrl_warehouse_inspection) by extension 'ros'
[0.278s] DEBUG:colcon.colcon_core.package_identification:Package 'mtrx3760_lrl_warehouse_inspection' with type 'ros.ament_cmake' and name 'mtrx3760_lrl_warehouse_inspection'
[0.278s] Level 1:colcon.colcon_core.package_discovery:discover_packages(recursive) using defaults
[0.279s] Level 1:colcon.colcon_core.package_discovery:discover_packages(ignore) discover
[0.279s] Level 1:colcon.colcon_core.package_discovery:discover_packages(ignore) using defaults
[0.279s] Level 1:colcon.colcon_core.package_discovery:discover_packages(path) discover
[0.279s] Level 1:colcon.colcon_core.package_discovery:discover_packages(path) using defaults
[0.306s] INFO:colcon.colcon_core.package_selection:Skipping not selected package 'mtrx3760_lrl_interfaces' in 'mtrx3760_lrl_interfaces'
[0.306s] INFO:colcon.colcon_core.package_selection:Skipping not selected package 'mtrx3760_lrl_robot_vis' in 'mtrx3760_lrl_robot_vis'
[0.306s] INFO:colcon.colcon_core.package_selection:Skipping not selected package 'mtrx3760_lrl_actuator' in 'mtrx3760_lrl_actuator'
[0.307s] INFO:colcon.colcon_core.package_selection:Skipping not selected package 'mtrx3760_lrl_package_delivery' in 'mtrx3760_lrl_package_delivery'
[0.307s] INFO:colcon.colcon_core.package_selection:Skipping not selected package 'mtrx3760_lrl_warehouse_inspection' in 'mtrx3760_lrl_warehouse_inspection'
[0.307s] Level 1:colcon.colcon_core.package_discovery:discover_packages(prefix_path) check parameters
[0.307s] Level 1:colcon.colcon_core.package_discovery:discover_packages(prefix_path) discover
[0.313s] DEBUG:colcon.colcon_installed_package_information.package_discovery:Found 469 installed packages in /opt/ros/jazzy
[0.316s] Level 1:colcon.colcon_core.package_discovery:discover_packages(prefix_path) using defaults
[0.420s] Level 5:colcon.colcon_core.verb:set package 'mtrx3760_lrl_camera' build argument 'cmake_args' from command line to 'None'
[0.420s] Level 5:colcon.colcon_core.verb:set package 'mtrx3760_lrl_camera' build argument 'cmake_target' from command line to 'None'
[0.420s] Level 5:colcon.colcon_core.verb:set package 'mtrx3760_lrl_camera' build argument 'cmake_target_skip_unavailable' from command line to 'False'
[0.420s] Level 5:colcon.colcon_core.verb:set package 'mtrx3760_lrl_camera' build argument 'cmake_clean_cache' from command line to 'False'
[0.420s] Level 5:colcon.colcon_core.verb:set package 'mtrx3760_lrl_camera' build argument 'cmake_clean_first' from command line to 'False'
[0.420s] Level 5:colcon.colcon_core.verb:set package 'mtrx3760_lrl_camera' build argument 'cmake_force_configure' from command line to 'False'
[0.420s] Level 5:colcon.colcon_core.verb:set package 'mtrx3760_lrl_camera' build argument 'ament_cmake_args' from command line to 'None'
[0.420s] Level 5:colcon.colcon_core.verb:set package 'mtrx3760_lrl_camera' build argument 'catkin_cmake_args' from command line to 'None'
[0.420s] Level 5:colcon.colcon_core.verb:set package 'mtrx3760_lrl_camera' build argument 'catkin_skip_building_tests' from command line to 'False'
[0.420s] DEBUG:colcon.colcon_core.verb:Building package 'mtrx3760_lrl_camera' with the following arguments: {'ament_cmake_args': None, 'build_base': '/home/jfox/lrl_integration_workspace/src/build/mtrx3760_lrl_camera', 'catkin_cmake_args': None, 'catkin_skip_building_tests': False, 'cmake_args': None, 'cmake_clean_cache': False, 'cmake_clean_first': False, 'cmake_force_configure': False, 'cmake_target': None, 'cmake_target_skip_unavailable': False, 'install_base': '/home/jfox/lrl_integration_workspace/src/install/mtrx3760_lrl_camera', 'merge_install': False, 'path': '/home/jfox/lrl_integration_workspace/src/mtrx3760_lrl_camera', 'symlink_install': False, 'test_result_base': None}
[0.421s] INFO:colcon.colcon_core.executor:Executing jobs using 'parallel' executor
[0.422s] DEBUG:colcon.colcon_parallel_executor.executor.parallel:run_until_complete
[0.422s] INFO:colcon.colcon_ros.task.ament_cmake.build:Building ROS package in '/home/jfox/lrl_integration_workspace/src/mtrx3760_lrl_camera' with build type 'ament_cmake'
[0.422s] INFO:colcon.colcon_cmake.task.cmake.build:Building CMake package in '/home/jfox/lrl_integration_workspace/src/mtrx3760_lrl_camera'
[0.425s] INFO:colcon.colcon_core.plugin_system:Skipping extension 'colcon_core.shell.bat': Not used on non-Windows systems
[0.425s] INFO:colcon.colcon_core.shell:Skip shell extension 'powershell' for command environment: Not usable outside of PowerShell
[0.425s] DEBUG:colcon.colcon_core.shell:Skip shell extension 'dsv' for command environment
[0.430s] ERROR:colcon.colcon_cmake.task.cmake.build:Failed to find the following files:
- /home/jfox/lrl_integration_workspace/src/install/mtrx3760_lrl_interfaces/share/mtrx3760_lrl_interfaces/package.sh
Check that the following packages have been built:
- mtrx3760_lrl_interfaces
[0.430s] Level 1:colcon.colcon_core.environment:create_environment_scripts_only(mtrx3760_lrl_camera)
[0.433s] Level 1:colcon.colcon_core.environment:checking '/home/jfox/lrl_integration_workspace/src/install/mtrx3760_lrl_camera' for CMake module files
[0.434s] Level 1:colcon.colcon_core.environment:checking '/home/jfox/lrl_integration_workspace/src/install/mtrx3760_lrl_camera' for CMake config files
[0.434s] Level 1:colcon.colcon_core.environment:checking '/home/jfox/lrl_integration_workspace/src/install/mtrx3760_lrl_camera/bin'
[0.434s] Level 1:colcon.colcon_core.environment:checking '/home/jfox/lrl_integration_workspace/src/install/mtrx3760_lrl_camera/lib/pkgconfig/mtrx3760_lrl_camera.pc'
[0.435s] Level 1:colcon.colcon_core.environment:checking '/home/jfox/lrl_integration_workspace/src/install/mtrx3760_lrl_camera/lib/python3.12/site-packages'
[0.435s] Level 1:colcon.colcon_core.environment:checking '/home/jfox/lrl_integration_workspace/src/install/mtrx3760_lrl_camera/bin'
[0.435s] INFO:colcon.colcon_core.shell:Creating package script '/home/jfox/lrl_integration_workspace/src/install/mtrx3760_lrl_camera/share/mtrx3760_lrl_camera/package.ps1'
[0.437s] INFO:colcon.colcon_core.shell:Creating package descriptor '/home/jfox/lrl_integration_workspace/src/install/mtrx3760_lrl_camera/share/mtrx3760_lrl_camera/package.dsv'
[0.437s] INFO:colcon.colcon_core.shell:Creating package script '/home/jfox/lrl_integration_workspace/src/install/mtrx3760_lrl_camera/share/mtrx3760_lrl_camera/package.sh'
[0.438s] INFO:colcon.colcon_core.shell:Creating package script '/home/jfox/lrl_integration_workspace/src/install/mtrx3760_lrl_camera/share/mtrx3760_lrl_camera/package.bash'
[0.439s] INFO:colcon.colcon_core.shell:Creating package script '/home/jfox/lrl_integration_workspace/src/install/mtrx3760_lrl_camera/share/mtrx3760_lrl_camera/package.zsh'
[0.439s] Level 1:colcon.colcon_core.environment:create_file_with_runtime_dependencies(/home/jfox/lrl_integration_workspace/src/install/mtrx3760_lrl_camera/share/colcon-core/packages/mtrx3760_lrl_camera)
[0.450s] DEBUG:colcon.colcon_parallel_executor.executor.parallel:closing loop
[0.451s] DEBUG:colcon.colcon_parallel_executor.executor.parallel:loop closed
[0.451s] DEBUG:colcon.colcon_parallel_executor.executor.parallel:run_until_complete finished with '1'
[0.451s] DEBUG:colcon.colcon_core.event_reactor:joining thread
[0.459s] INFO:colcon.colcon_core.plugin_system:Skipping extension 'colcon_notification.desktop_notification.terminal_notifier': Not used on non-Darwin systems
[0.459s] INFO:colcon.colcon_core.plugin_system:Skipping extension 'colcon_notification.desktop_notification.win32': Not used on non-Windows systems
[0.459s] INFO:colcon.colcon_notification.desktop_notification:Sending desktop notification using 'notify2'
[0.492s] DEBUG:colcon.colcon_core.event_reactor:joined thread
[0.493s] INFO:colcon.colcon_core.shell:Creating prefix script '/home/jfox/lrl_integration_workspace/src/install/local_setup.ps1'
[0.495s] INFO:colcon.colcon_core.shell:Creating prefix util module '/home/jfox/lrl_integration_workspace/src/install/_local_setup_util_ps1.py'
[0.497s] INFO:colcon.colcon_core.shell:Creating prefix chain script '/home/jfox/lrl_integration_workspace/src/install/setup.ps1'
[0.499s] INFO:colcon.colcon_core.shell:Creating prefix script '/home/jfox/lrl_integration_workspace/src/install/local_setup.sh'
[0.500s] INFO:colcon.colcon_core.shell:Creating prefix util module '/home/jfox/lrl_integration_workspace/src/install/_local_setup_util_sh.py'
[0.501s] INFO:colcon.colcon_core.shell:Creating prefix chain script '/home/jfox/lrl_integration_workspace/src/install/setup.sh'
[0.503s] INFO:colcon.colcon_core.shell:Creating prefix script '/home/jfox/lrl_integration_workspace/src/install/local_setup.bash'
[0.504s] INFO:colcon.colcon_core.shell:Creating prefix chain script '/home/jfox/lrl_integration_workspace/src/install/setup.bash'
[0.506s] INFO:colcon.colcon_core.shell:Creating prefix script '/home/jfox/lrl_integration_workspace/src/install/local_setup.zsh'
[0.507s] INFO:colcon.colcon_core.shell:Creating prefix chain script '/home/jfox/lrl_integration_workspace/src/install/setup.zsh'
